// Jest Snapshot v1, https://goo.gl/fbAQLP

exports[`App snapshot 1`] = `
<View
  style={
    Object {
      "flex": 1,
    }
  }
>
  <View
    style={
      Object {
        "marginTop": 60,
      }
    }
  />
  <View
    style={
      Object {
        "alignItems": "center",
        "backgroundColor": "#FFC0CB",
        "borderRadius": 30,
        "height": 50,
        "marginVertical": 20,
        "width": "100%",
      }
    }
  >
    <TextInput
      onChangeText={[Function]}
      placeholder="Email"
      placeholderTextColor="#003f5c"
      style={
        Object {
          "flex": 1,
          "height": 120,
          "marginLeft": 20,
          "padding": 10,
        }
      }
      testID="EmailIds"
      value=""
    />
  </View>
  <View
    style={
      Object {
        "alignItems": "center",
        "backgroundColor": "#FFC0CB",
        "borderRadius": 30,
        "height": 50,
        "marginVertical": 20,
        "width": "100%",
      }
    }
  >
    <TextInput
      onChangeText={[Function]}
      placeholder="Password"
      placeholderTextColor="#003f5c"
      secureTextEntry={true}
      testID="PasswordID"
      value=""
    />
  </View>
  <TouchableOpacity>
    <Text
      style={
        Object {
          "height": 30,
          "marginBottom": 30,
          "marginHorizontal": 20,
        }
      }
    >
      Forgot Password?
    </Text>
  </TouchableOpacity>
  <TouchableOpacity
    onPress={[Function]}
    style={
      Object {
        "alignItems": "center",
        "alignSelf": "center",
        "backgroundColor": "#FF1493",
        "borderRadius": 25,
        "height": 50,
        "justifyContent": "center",
        "marginTop": 40,
        "width": "80%",
      }
    }
    testID="NavigationID"
  >
    <Text>
      LOGIN
    </Text>
  </TouchableOpacity>
</View>
`;
